src/components/pages/ArchiveView.tsx(5,10): error TS2305: Module '"../../data"' has no exported member 'ARCHIVE_DOCUMENTS'.
src/components/pages/CommunityView.tsx(5,10): error TS2305: Module '"../../data"' has no exported member 'COMMUNITY_SECTORS'.
src/components/pages/HomeView.tsx(6,35): error TS2307: Cannot find module '../CommunityTestimonials' or its corresponding type declarations.
